---
source: minijinja/tests/test_templates.rs
assertion_line: 44
expression: "&rendered"
input_file: minijinja/tests/inputs/include_ignore_choice.txt

---
Before
Hello  from included template!
After

