---
source: minijinja/tests/test_templates.rs
description: "{% extends \"bad_basic_block.txt\" %}\n{% block title %}My Title{% endblock %}\n{% block body %}\n  Changed stuff goes here. {{ super() }}\n{% endblock %}"
info: {}
input_file: minijinja/tests/inputs/err_bad_super.txt
---
!!!ERROR!!!

Error {
    kind: EvalBlock,
    detail: "happend in replaced block \"body\" of \"err_bad_super.txt\"",
    name: "bad_basic_block.txt",
    line: 2,
    source: Error {
        kind: EvalBlock,
        detail: "happend in super block",
        name: "err_bad_super.txt",
        line: 4,
        source: Error {
            kind: UnknownFunction,
            detail: "missing_function is unknown",
            name: "bad_basic_block.txt",
            line: 3,
        },
    },
}

could not render block: happend in replaced block "body" of "err_bad_super.txt" (in bad_basic_block.txt:2)
---------------------------- Template Source -----------------------------
   1 | <title>{% block title %}default title{% endblock %}</title>
   2 > {% block body %}
   3 |   {{ missing_function() }}
   4 | {% endblock %}
--------------------------------------------------------------------------
Referenced variables:
--------------------------------------------------------------------------

caused by: could not render block: happend in super block (in err_bad_super.txt:4)
---------------------------- Template Source -----------------------------
   1 | {% extends "bad_basic_block.txt" %}
   2 | {% block title %}My Title{% endblock %}
   3 | {% block body %}
   4 >   Changed stuff goes here. {{ super() }}
     i                               ^^^^^^^ could not render block
   5 | {% endblock %}
--------------------------------------------------------------------------
Referenced variables:
--------------------------------------------------------------------------

caused by: unknown function: missing_function is unknown (in bad_basic_block.txt:3)
---------------------------- Template Source -----------------------------
   1 | <title>{% block title %}default title{% endblock %}</title>
   2 | {% block body %}
   3 >   {{ missing_function() }}
     i      ^^^^^^^^^^^^^^^^^^ unknown function
   4 | {% endblock %}
--------------------------------------------------------------------------
Referenced variables: {
    missing_function: Undefined,
}
--------------------------------------------------------------------------

