---
source: minijinja/tests/test_templates.rs
expression: "&rendered"
input_file: minijinja/tests/inputs/block_super.txt

---
<title>[default title]</title>
DEFAULT BODY

