---
source: minijinja/tests/test_templates.rs
expression: "&rendered"
input_file: minijinja/tests/inputs/loop_else2.txt

---

  - 1
  - 2
  - 3

