---
source: minijinja/tests/test_templates.rs
description: "Before\n{% include template %}\nAfter"
info:
  template: missing_template.txt
input_file: minijinja/tests/inputs/include_missing.txt
---
!!!ERROR!!!

Error {
    kind: TemplateNotFound,
    detail: "tried to include non-existing template \"missing_template.txt\"",
    name: "include_missing.txt",
    line: 2,
}

---------------------------- Template Source -----------------------------
   1 | Before
   2 > {% include template %}
   3 | After
--------------------------------------------------------------------------
Referenced variables: {
    template: "missing_template.txt",
}
--------------------------------------------------------------------------



